// Jest Snapshot v1, https://goo.gl/fbAQLP

exports[`Pagination component should renders correctly 1`] = `
<DocumentFragment>
  <div
    class="flex items-center justify-center"
  >
    <button
      class="MuiButtonBase-root Mui-disabled MuiIconButton-root Mui-disabled MuiIconButton-sizeMedium css-78trlr-MuiButtonBase-root-MuiIconButton-root"
      data-testid="prevPage"
      disabled=""
      tabindex="-1"
      type="button"
    >
      <svg
        aria-hidden="true"
        class="MuiSvgIcon-root MuiSvgIcon-fontSizeMedium css-i4bv87-MuiSvgIcon-root"
        data-testid="KeyboardArrowLeftRoundedIcon"
        focusable="false"
        viewBox="0 0 24 24"
      >
        <path
          d="M14.71 15.88 10.83 12l3.88-3.88c.39-.39.39-1.02 0-1.41a.9959.9959 0 0 0-1.41 0L8.71 11.3c-.39.39-.39 1.02 0 1.41l4.59 4.59c.39.39 1.02.39 1.41 0 .38-.39.39-1.03 0-1.42z"
        />
      </svg>
    </button>
    <span
      class="inline-block mx-4"
      data-testid="pages"
    >
      1 of 4
    </span>
    <button
      class="MuiButtonBase-root MuiIconButton-root MuiIconButton-sizeMedium css-78trlr-MuiButtonBase-root-MuiIconButton-root"
      data-testid="nextPage"
      tabindex="0"
      type="button"
    >
      <svg
        aria-hidden="true"
        class="MuiSvgIcon-root MuiSvgIcon-fontSizeMedium css-i4bv87-MuiSvgIcon-root"
        data-testid="KeyboardArrowRightRoundedIcon"
        focusable="false"
        viewBox="0 0 24 24"
      >
        <path
          d="M9.29 15.88 13.17 12 9.29 8.12a.9959.9959 0 0 1 0-1.41c.39-.39 1.02-.39 1.41 0l4.59 4.59c.39.39.39 1.02 0 1.41L10.7 17.3c-.39.39-1.02.39-1.41 0-.38-.39-.39-1.03 0-1.42z"
        />
      </svg>
      <span
        class="MuiTouchRipple-root css-8je8zh-MuiTouchRipple-root"
      />
    </button>
  </div>
</DocumentFragment>
`;
